[0m00:42:35.697368 [debug] [MainThread]: Sending event: {'category': 'dbt', 'action': 'invocation', 'label': 'start', 'context': [<snowplow_tracker.self_describing_json.SelfDescribingJson object at 0x113c1a850>, <snowplow_tracker.self_describing_json.SelfDescribingJson object at 0x1151a5460>, <snowplow_tracker.self_describing_json.SelfDescribingJson object at 0x1151a5280>]}


============================== 00:42:35.702682 | 2705ad3f-0f10-4514-8ca3-0ea03533a689 ==============================
[0m00:42:35.702682 [info ] [MainThread]: Running with dbt=1.10.22
[0m00:42:35.703591 [debug] [MainThread]: running dbt with arguments {'warn_error': 'None', 'send_anonymous_usage_stats': 'True', 'log_cache_events': 'False', 'indirect_selection': 'eager', 'printer_width': '80', 'use_colors': 'True', 'log_path': 'logs', 'invocation_command': 'dbt init zomato', 'write_json': 'True', 'profiles_dir': '/Users/mac/.dbt', 'no_print': 'None', 'empty': 'None', 'fail_fast': 'False', 'warn_error_options': 'WarnErrorOptionsV2(error=[], warn=[], silence=[])', 'introspect': 'True', 'target_path': 'None', 'log_format': 'default', 'partial_parse': 'True', 'cache_selected_only': 'False', 'use_experimental_parser': 'False', 'version_check': 'True', 'static_parser': 'True', 'quiet': 'False', 'debug': 'False'}
[0m00:42:35.719618 [info ] [MainThread]: Creating dbt configuration folder at /Users/mac/.dbt
[0m00:42:35.721725 [debug] [MainThread]: Starter project path: /Users/mac/Library/Python/3.9/lib/python/site-packages/dbt/include/starter_project
[0m00:42:35.731818 [info ] [MainThread]: 
Your new dbt project "zomato" was created!

For more information on how to configure the profiles.yml file,
please consult the dbt documentation here:

  https://docs.getdbt.com/docs/configure-your-profile

One more thing:

Need help? Don't hesitate to reach out to us via GitHub issues or on Slack:

  https://community.getdbt.com/

Happy modeling!

[0m00:42:35.732689 [info ] [MainThread]: Setting up your profile.
[0m00:47:45.179513 [info ] [MainThread]: Profile zomato written to /Users/mac/.dbt/profiles.yml using target's profile_template.yml and your supplied values. Run 'dbt debug' to validate the connection.
[0m00:47:45.194264 [debug] [MainThread]: Resource report: {"command_name": "init", "command_success": true, "command_wall_clock_time": 309.60117, "process_in_blocks": "0", "process_kernel_time": 0.667124, "process_mem_max_rss": "170672128", "process_out_blocks": "0", "process_user_time": 4.696719}
[0m00:47:45.195060 [debug] [MainThread]: Command `dbt init` succeeded at 00:47:45.194898 after 309.60 seconds
[0m00:47:45.195665 [debug] [MainThread]: Sending event: {'category': 'dbt', 'action': 'invocation', 'label': 'end', 'context': [<snowplow_tracker.self_describing_json.SelfDescribingJson object at 0x113c1a850>, <snowplow_tracker.self_describing_json.SelfDescribingJson object at 0x114a6c820>, <snowplow_tracker.self_describing_json.SelfDescribingJson object at 0x1151a5d90>]}
[0m00:47:45.196299 [debug] [MainThread]: Flushing usage events
[0m00:47:46.830173 [debug] [MainThread]: An error was encountered while trying to flush usage events
[0m14:01:37.489155 [debug] [MainThread]: Sending event: {'category': 'dbt', 'action': 'invocation', 'label': 'start', 'context': [<snowplow_tracker.self_describing_json.SelfDescribingJson object at 0x1075982e0>, <snowplow_tracker.self_describing_json.SelfDescribingJson object at 0x108b18a30>, <snowplow_tracker.self_describing_json.SelfDescribingJson object at 0x108b18850>]}


============================== 14:01:37.497453 | 48976aac-14bb-4410-898a-2bf5650666e3 ==============================
[0m14:01:37.497453 [info ] [MainThread]: Running with dbt=1.10.22
[0m14:01:37.498483 [debug] [MainThread]: running dbt with arguments {'printer_width': '80', 'static_parser': 'True', 'warn_error_options': 'WarnErrorOptionsV2(error=[], warn=[], silence=[])', 'quiet': 'False', 'no_print': 'None', 'send_anonymous_usage_stats': 'True', 'log_cache_events': 'False', 'log_format': 'default', 'warn_error': 'None', 'target_path': 'None', 'empty': 'False', 'introspect': 'True', 'use_colors': 'True', 'fail_fast': 'False', 'indirect_selection': 'eager', 'cache_selected_only': 'False', 'log_path': 'logs', 'version_check': 'True', 'write_json': 'True', 'partial_parse': 'True', 'debug': 'False', 'invocation_command': 'dbt run --select marts', 'profiles_dir': '/Users/mac/.dbt', 'use_experimental_parser': 'False'}
[0m14:01:37.499517 [error] [MainThread]: Encountered an error:
Runtime Error
  No dbt_project.yml found at expected path /Users/mac/projects/DE project/zomato_ai_project/dbt_project.yml
  Verify that each entry within packages.yml (and their transitive dependencies) contains a file named dbt_project.yml
  
[0m14:01:37.507397 [debug] [MainThread]: Resource report: {"command_name": "run", "command_success": false, "command_wall_clock_time": 0.1888917, "process_in_blocks": "0", "process_kernel_time": 0.621412, "process_mem_max_rss": "115191808", "process_out_blocks": "0", "process_user_time": 4.775503}
[0m14:01:37.508311 [debug] [MainThread]: Command `dbt run` failed at 14:01:37.508126 after 0.19 seconds
[0m14:01:37.508989 [debug] [MainThread]: Sending event: {'category': 'dbt', 'action': 'invocation', 'label': 'end', 'context': [<snowplow_tracker.self_describing_json.SelfDescribingJson object at 0x1075982e0>, <snowplow_tracker.self_describing_json.SelfDescribingJson object at 0x108b18850>, <snowplow_tracker.self_describing_json.SelfDescribingJson object at 0x108b18700>]}
[0m14:01:37.509669 [debug] [MainThread]: Flushing usage events
[0m14:01:38.869031 [debug] [MainThread]: An error was encountered while trying to flush usage events
